{
  "version": "1.5.0",
  "plugins_used": [
    {
      "name": "ArtifactoryDetector"
    },
    {
      "name": "AWSKeyDetector"
    },
    {
      "name": "AzureStorageKeyDetector"
    },
    {
      "name": "Base64HighEntropyString",
      "limit": 4.5
    },
    {
      "name": "BasicAuthDetector"
    },
    {
      "name": "CloudantDetector"
    },
    {
      "name": "DiscordBotTokenDetector"
    },
    {
      "name": "GitHubTokenDetector"
    },
    {
      "name": "GitLabTokenDetector"
    },
    {
      "name": "HexHighEntropyString",
      "limit": 3.0
    },
    {
      "name": "IbmCloudIamDetector"
    },
    {
      "name": "IbmCosHmacDetector"
    },
    {
      "name": "IPPublicDetector"
    },
    {
      "name": "JwtTokenDetector"
    },
    {
      "name": "KeywordDetector",
      "keyword_exclude": ""
    },
    {
      "name": "MailchimpDetector"
    },
    {
      "name": "NpmDetector"
    },
    {
      "name": "OpenAIDetector"
    },
    {
      "name": "PrivateKeyDetector"
    },
    {
      "name": "PypiTokenDetector"
    },
    {
      "name": "SendGridDetector"
    },
    {
      "name": "SlackDetector"
    },
    {
      "name": "SoftlayerDetector"
    },
    {
      "name": "SquareOAuthDetector"
    },
    {
      "name": "StripeDetector"
    },
    {
      "name": "TelegramBotTokenDetector"
    },
    {
      "name": "TwilioKeyDetector"
    }
  ],
  "filters_used": [
    {
      "path": "detect_secrets.filters.allowlist.is_line_allowlisted"
    },
    {
      "path": "detect_secrets.filters.common.is_ignored_due_to_verification_policies",
      "min_level": 2
    },
    {
      "path": "detect_secrets.filters.heuristic.is_indirect_reference"
    },
    {
      "path": "detect_secrets.filters.heuristic.is_likely_id_string"
    },
    {
      "path": "detect_secrets.filters.heuristic.is_lock_file"
    },
    {
      "path": "detect_secrets.filters.heuristic.is_not_alphanumeric_string"
    },
    {
      "path": "detect_secrets.filters.heuristic.is_potential_uuid"
    },
    {
      "path": "detect_secrets.filters.heuristic.is_prefixed_with_dollar_sign"
    },
    {
      "path": "detect_secrets.filters.heuristic.is_sequential_string"
    },
    {
      "path": "detect_secrets.filters.heuristic.is_swagger_file"
    },
    {
      "path": "detect_secrets.filters.heuristic.is_templated_secret"
    },
    {
      "path": "detect_secrets.filters.regex.should_exclude_file",
      "pattern": [
        ".*\\.enc\\.yaml$",
        ".*\\.sops\\.yaml$",
        ".*\\.baseline$",
        ".*vault\\.yml$",
        ".*\\.md$",
        ".*gotk-components\\.yaml$"
      ]
    }
  ],
  "results": {
    ".githooks/pre-commit": [
      {
        "type": "Basic Auth Credentials",
        "filename": ".githooks/pre-commit",
        "hashed_secret": "bd564db5d5cc358eb0e3523d3e03041739f230d5",
        "is_verified": false,
        "line_number": 57,
        "is_secret": false
      }
    ],
    "apps/n8n/n8n.yaml": [
      {
        "type": "Secret Keyword",
        "filename": "apps/n8n/n8n.yaml",
        "hashed_secret": "190b16d2f65a31fcb1de5f23b1e74e36bd0b0449",
        "is_verified": false,
        "line_number": 136,
        "is_secret": false
      }
    ],
    "apps/n8n/secrets.example.yaml": [
      {
        "type": "Secret Keyword",
        "filename": "apps/n8n/secrets.example.yaml",
        "hashed_secret": "b7cc0748b4282ace5f9aeec50119802557985cc5",
        "is_verified": false,
        "line_number": 10,
        "is_secret": false
      }
    ],
    "infrastructure/on-prem/backend.conf.example": [
      {
        "type": "Secret Keyword",
        "filename": "infrastructure/on-prem/backend.conf.example",
        "hashed_secret": "76fb0eb046fb9e7b163fecdfaf0b3e419a8a503b",
        "is_verified": false,
        "line_number": 4,
        "is_secret": false
      }
    ],
    "kubernetes/platform/docs/mkdocs.yml": [
      {
        "type": "Secret Keyword",
        "filename": "kubernetes/platform/docs/mkdocs.yml",
        "hashed_secret": "ef36075900b75de78db00ad080d8042381cad52b",
        "is_verified": false,
        "line_number": 55,
        "is_secret": false
      },
      {
        "type": "Secret Keyword",
        "filename": "kubernetes/platform/docs/mkdocs.yml",
        "hashed_secret": "ae7150daa968e670e71e3c5c6bc4aca7517157a2",
        "is_verified": false,
        "line_number": 67,
        "is_secret": false
      }
    ],
    "kubernetes/platform/kwatch/kwatch.yaml": [
      {
        "type": "Secret Keyword",
        "filename": "kubernetes/platform/kwatch/kwatch.yaml",
        "hashed_secret": "72a17a166cdea7f227b93ff8de1ac3ea6faa87cb",
        "is_verified": false,
        "line_number": 86,
        "is_secret": false
      }
    ]
  },
  "generated_at": "2026-09-26T19:33:35Z"
}